// Jest Snapshot v1, https://goo.gl/fbAQLP

exports[`ContentContainer renders an image and content in default layout 1`] = `
<div
  className=""
>
  <div>
    <div
      className=""
    >
      <div>
        <div />
      </div>
    </div>
  </div>
  <div>
    <h2>
      Title
    </h2>
    <div
      className="my-3"
    >
      Content body.
    </div>
  </div>
</div>
`;
