// Jest Snapshot v1, https://goo.gl/fbAQLP

exports[`AccordionLoader renders as a placeholder component 1`] = `
<div>
  <div>
    <div />
  </div>
  <div>
    <div />
  </div>
  <div>
    <div />
  </div>
  <div>
    <div />
  </div>
  <div>
    <div />
  </div>
  <div>
    <div />
  </div>
</div>
`;
